Menu Principal
1 - Abrir dados
2 - Guardar dados
3 - Ver data
4 - Avançar data
5 - Menu de gestão de utentes
6 - Menu de gestão de obras
7 - Menu de gestão de requisições
0 - Sair
Escolha uma opção: Menu de Gestão de Utentes
1 - Registar utente
2 - Mostrar utente
3 - Listar utentes
4 - Mostrar notificações de utente
5 - Saldar multa de utente
0 - Sair
Escolha uma opção: Menu Principal
1 - Abrir dados
2 - Guardar dados
3 - Ver data
4 - Avançar data
5 - Menu de gestão de utentes
6 - Menu de gestão de obras
7 - Menu de gestão de requisições
0 - Sair
Escolha uma opção: Menu de obras
1 - Mostrar obra
2 - Mostrar todas as obras
3 - Efectuar pesquisa de termos
0 - Sair
Escolha uma opção: Menu Principal
1 - Abrir dados
2 - Guardar dados
3 - Ver data
4 - Avançar data
5 - Menu de gestão de utentes
6 - Menu de gestão de obras
7 - Menu de gestão de requisições
0 - Sair
Escolha uma opção: Menu de Gestão de Requisições
1 - Requisitar obra
2 - Devolver obra
0 - Sair
Escolha uma opção: Menu Principal
1 - Abrir dados
2 - Guardar dados
3 - Ver data
4 - Avançar data
5 - Menu de gestão de utentes
6 - Menu de gestão de obras
7 - Menu de gestão de requisições
0 - Sair
Escolha uma opção: 