Menu Principal
1 - Abrir dados
2 - Guardar dados
3 - Ver data
4 - Avançar data
5 - Menu de gestão de utentes
6 - Menu de gestão de obras
7 - Menu de gestão de requisições
0 - Sair
Escolha uma opção: Menu de obras
1 - Mostrar obra
2 - Mostrar todas as obras
3 - Efectuar pesquisa de termos
0 - Sair
Escolha uma opção: 0 - 22 de  22 - Livro - A arte de sobreviver no 36 - 30 - Ficção - Joao Fonseca - 1234567892
1 - 50 de  50 - Livro - Bairro Alto e o Budismo Zen - 25 - Ficção - Zun Tse Fonseca - 1234567891
2 - 50 de  50 - Livro - Dicionário de Programação - 20 - Referência - Odete Fonseca - 1234567890
3 - 5 de  5 - Livro - Analise Matematica sem Mestre - 29 - Técnica e Científica - Carlos Fonseca - 1234567890
Menu de obras
1 - Mostrar obra
2 - Mostrar todas as obras
3 - Efectuar pesquisa de termos
0 - Sair
Escolha uma opção: Menu Principal
1 - Abrir dados
2 - Guardar dados
3 - Ver data
4 - Avançar data
5 - Menu de gestão de utentes
6 - Menu de gestão de obras
7 - Menu de gestão de requisições
0 - Sair
Escolha uma opção: 
