Menu Principal
1 - Abrir dados
2 - Guardar dados
3 - Ver data
4 - Avançar data
5 - Menu de gestão de utentes
6 - Menu de gestão de obras
7 - Menu de gestão de requisições
0 - Sair
Escolha uma opção: Introduza número de dias a avançar: Menu Principal
1 - Abrir dados
2 - Guardar dados
3 - Ver data
4 - Avançar data
5 - Menu de gestão de utentes
6 - Menu de gestão de obras
7 - Menu de gestão de requisições
0 - Sair
Escolha uma opção: Data actual: 1
Menu Principal
1 - Abrir dados
2 - Guardar dados
3 - Ver data
4 - Avançar data
5 - Menu de gestão de utentes
6 - Menu de gestão de obras
7 - Menu de gestão de requisições
0 - Sair
Escolha uma opção: Introduza número de dias a avançar: Menu Principal
1 - Abrir dados
2 - Guardar dados
3 - Ver data
4 - Avançar data
5 - Menu de gestão de utentes
6 - Menu de gestão de obras
7 - Menu de gestão de requisições
0 - Sair
Escolha uma opção: Data actual: 2
Menu Principal
1 - Abrir dados
2 - Guardar dados
3 - Ver data
4 - Avançar data
5 - Menu de gestão de utentes
6 - Menu de gestão de obras
7 - Menu de gestão de requisições
0 - Sair
Escolha uma opção: Introduza número de dias a avançar: Menu Principal
1 - Abrir dados
2 - Guardar dados
3 - Ver data
4 - Avançar data
5 - Menu de gestão de utentes
6 - Menu de gestão de obras
7 - Menu de gestão de requisições
0 - Sair
Escolha uma opção: Data actual: 7
Menu Principal
1 - Abrir dados
2 - Guardar dados
3 - Ver data
4 - Avançar data
5 - Menu de gestão de utentes
6 - Menu de gestão de obras
7 - Menu de gestão de requisições
0 - Sair
Escolha uma opção: 