Menu Principal
1 - Abrir dados
2 - Guardar dados
3 - Ver data
4 - Avançar data
5 - Menu de gestão de utentes
6 - Menu de gestão de obras
7 - Menu de gestão de requisições
0 - Sair
Escolha uma opção: Menu de Gestão de Utentes
1 - Registar utente
2 - Mostrar utente
3 - Listar utentes
4 - Mostrar notificações de utente
5 - Saldar multa de utente
0 - Sair
Escolha uma opção: Introduza o nome do utente: Introduza o endereço de correio do utente: Novo utente criado com o número 3.
Menu de Gestão de Utentes
1 - Registar utente
2 - Mostrar utente
3 - Listar utentes
4 - Mostrar notificações de utente
5 - Saldar multa de utente
0 - Sair
Escolha uma opção: 0 - Darth Vader - darth@dark.force.com - NORMAL - ACTIVO
1 - Luke Skywalker - last.jedi@universe.com - NORMAL - ACTIVO
2 - Obi-Wan Kenobi - obiwan@jedi.org - NORMAL - ACTIVO
3 - R2D2 - r2d2@irobots.com - NORMAL - ACTIVO
Menu de Gestão de Utentes
1 - Registar utente
2 - Mostrar utente
3 - Listar utentes
4 - Mostrar notificações de utente
5 - Saldar multa de utente
0 - Sair
Escolha uma opção: Menu Principal
1 - Abrir dados
2 - Guardar dados
3 - Ver data
4 - Avançar data
5 - Menu de gestão de utentes
6 - Menu de gestão de obras
7 - Menu de gestão de requisições
0 - Sair
Escolha uma opção: 